test.log by RSSYNC
